MPLINK 4.12, Linker
Linker Map File - Created Mon Jul 14 10:45:36 2008

                                 Section Info
                  Section       Type    Address   Location Size(Bytes)
                ---------  ---------  ---------  ---------  ---------
               _entry_scn       code   0x000000    program   0x000006
  _RESET_INTERRUPT_VECTOR       code   0x002000    program   0x000006
   _HIGH_INTERRUPT_VECTOR       code   0x002008    program   0x000006
       InterruptVectorLow       code   0x002018    program   0x000006
                  pickitc       code   0x00202a    program   0x003bf8
                   .cinit    romdata   0x005c22    program   0x00000e
       .code_pk_prog2go.o       code   0x005c30    program   0x0010f0
       .code_usbctrltrf.o       code   0x006d20    program   0x00036e
                    .code       code   0x00708e    program   0x000266
              .code_hid.o       code   0x0072f4    program   0x000246
           .code_pk_isr.o       code   0x00753a    program   0x000222
             .code_usb9.o       code   0x00775c    program   0x000158
                     PROG       code   0x0078b4    program   0x000128
        .romdata_usbdsc.o    romdata   0x0079dc    program   0x000104
           .code_usbdrv.o       code   0x007ae0    program   0x0000c2
               _cinit_scn       code   0x007ba2    program   0x00009e
          .code_fxm3232.o       code   0x007c40    program   0x000070
             D10KTCYXCODE       code   0x007cb0    program   0x00002e
             .code_main.o       code   0x007cde    program   0x000028
             _startup_scn       code   0x007d06    program   0x00001c
             D100TCYXCODE       code   0x007d22    program   0x00001c
              D10TCYXCODE       code   0x007d3e    program   0x000016
           .code___init.o       code   0x007d54    program   0x000002
         .romdata_c018i.o    romdata   0x007d56    program   0x000000
       .romdata_fxm3232.o    romdata   0x007d56    program   0x000000
    .romdata_pk_prog2go.o    romdata   0x007d56    program   0x000000
    .idata_pk_prog2go.o_i    romdata   0x007d56    program   0x000000
        .romdata_pk_isr.o    romdata   0x007d56    program   0x000000
        .idata_pk_isr.o_i    romdata   0x007d56    program   0x000000
        .idata_usbdsc.o_i    romdata   0x007d56    program   0x000000
        .romdata_pickit.o    romdata   0x007d56    program   0x000000
        .idata_pickit.o_i    romdata   0x007d56    program   0x000002
       .romdata_usbmmap.o    romdata   0x007d56    program   0x000000
       .idata_usbmmap.o_i    romdata   0x007d56    program   0x000000
        .romdata___init.o    romdata   0x007d56    program   0x000000
        .romdata_usbdrv.o    romdata   0x007d56    program   0x000000
        .idata_usbdrv.o_i    romdata   0x007d56    program   0x000000
    .romdata_usbctrltrf.o    romdata   0x007d56    program   0x000000
    .idata_usbctrltrf.o_i    romdata   0x007d56    program   0x000000
          .romdata_main.o    romdata   0x007d56    program   0x000000
          .romdata_usb9.o    romdata   0x007d56    program   0x000000
          .idata_usb9.o_i    romdata   0x007d56    program   0x000000
           .romdata_hid.o    romdata   0x007d56    program   0x000000
        .idata___init.o_i    romdata   0x007d58    program   0x000000
         .idata_c018i.o_i    romdata   0x007d58    program   0x000000
       .idata_fxm3232.o_i    romdata   0x007d58    program   0x000000
            .code_c018i.o       code   0x007d58    program   0x000000
           .code_pickit.o       code   0x007d58    program   0x000000
          .code_usbmmap.o       code   0x007d58    program   0x000000
           .code_usbdsc.o       code   0x007d58    program   0x000000
          .idata_main.o_i    romdata   0x007d58    program   0x000000
           .idata_hid.o_i    romdata   0x007d58    program   0x000000
                USBUnitID      udata   0x000000       data   0x000020
                MATH_DATA      udata   0x000020       data   0x000014
               MiscAccess      udata   0x000034       data   0x00000b
                 .tmpdata      udata   0x00003f       data   0x00000a
     InterruptHandler_tmp      udata   0x000049       data   0x000002
                DELAYDAT2      udata   0x00004b       data   0x000001
                DELAYDAT1      udata   0x00004c       data   0x000001
           AssemblyAccess      udata   0x000054       data   0x00000c
             UploadBuffer      udata   0x000060       data   0x000080
                    Misc4      udata   0x0000e0       data   0x000007
                    Misc2      udata   0x0000e7       data   0x000006
         .udata_usbmmap.o      udata   0x0000ed       data   0x000004
             .udata_hid.o      udata   0x0000f1       data   0x000003
          .idata_pickit.o      idata   0x0000f4       data   0x000002
          .udata_usbdrv.o      udata   0x0000f6       data   0x000001
      .idata_pk_prog2go.o      idata   0x0000f7       data   0x000000
          .udata_pk_isr.o      udata   0x0000f7       data   0x000000
          .idata_pk_isr.o      idata   0x0000f7       data   0x000000
         .udata_fxm3232.o      udata   0x0000f7       data   0x000000
      .udata_pk_prog2go.o      udata   0x0000f7       data   0x000000
          .udata_pickit.o      udata   0x0000f7       data   0x000000
         .idata_fxm3232.o      idata   0x0000f7       data   0x000000
          .idata___init.o      idata   0x0000f7       data   0x000000
         .idata_usbmmap.o      idata   0x0000f7       data   0x000000
          .idata_usbdrv.o      idata   0x0000f7       data   0x000000
      .idata_usbctrltrf.o      idata   0x0000f7       data   0x000000
          .udata___init.o      udata   0x0000f7       data   0x000000
            .idata_usb9.o      idata   0x0000f7       data   0x000000
            .udata_usb9.o      udata   0x0000f7       data   0x000000
             .idata_hid.o      idata   0x0000f7       data   0x000000
            .idata_main.o      idata   0x0000f7       data   0x000000
            .udata_main.o      udata   0x0000f7       data   0x000000
          .idata_usbdsc.o      idata   0x0000f7       data   0x000000
          .udata_usbdsc.o      udata   0x0000f7       data   0x000000
           .idata_c018i.o      idata   0x0000f7       data   0x000000
           DownloadBuffer      udata   0x000100       data   0x000100
              USB_Buffers      udata   0x000200       data   0x000080
                     Misc      udata   0x000280       data   0x000067
           .udata_c018i.o      udata   0x0002e7       data   0x00000a
      .udata_usbctrltrf.o      udata   0x0002f1       data   0x000009
                    Misc3      udata   0x0002fa       data   0x000006
                   .stack      udata   0x000300       data   0x0000f4
                  usbram4      udata   0x000400       data   0x0000a0
                    PK2GO      udata   0x0004b0       data   0x000003
             ExtEE_Buffer      udata   0x0004c0       data   0x000040
             ScriptBuffer      udata   0x000500       data   0x000300
            SFR_UNBANKED0      udata   0x000f66       data   0x00009a



                              Program Memory Usage 
                               Start         End      
                           ---------   ---------      
                            0x000000    0x000005      
                            0x002000    0x002005      
                            0x002008    0x00200d      
                            0x002018    0x00201d      
                            0x00202a    0x007d57      
            23878 out of 33048 program addresses used, program memory utilization is 72%



                              Symbols - Sorted by Name
                     Name    Address   Location    Storage File                     
                ---------  ---------  ---------  --------- ---------                
               ADCConvert   0x0031b2    program     extern C:\PICkit_2\FirmwareV2\user\pickit.c
                      AN1   0x0053b8    program     static                          
                      AN2   0x0053bc    program     static                          
                      AN3   0x0053be    program     static                          
                      AN4   0x0053c0    program     static                          
                      AN5   0x0053ce    program     static                          
                      AN6   0x0053d4    program     static                          
                      AN7   0x0053d8    program     static                          
           ANALYZER_Delay   0x0072d4    program     static C:\PICkit_2\FirmwareV2\user\pickit2.asm
      ANALYZER_Delay_loop   0x0072d6    program     static C:\PICkit_2\FirmwareV2\user\pickit2.asm
    ANALYZER_FALLING_1MHZ   0x007154    program     extern C:\PICkit_2\FirmwareV2\user\pickit2.asm
ANALYZER_FALLING_1MHZ_entry   0x00718e    program     static C:\PICkit_2\FirmwareV2\user\pickit2.asm
ANALYZER_FALLING_1MHZ_loop   0x007176    program     static C:\PICkit_2\FirmwareV2\user\pickit2.asm
ANALYZER_FALLING_1MHZ_notrig1   0x0071c0    program     static C:\PICkit_2\FirmwareV2\user\pickit2.asm
ANALYZER_FALLING_1MHZ_notrig2   0x0071a6    program     static C:\PICkit_2\FirmwareV2\user\pickit2.asm
ANALYZER_FALLING_1MHZ_notrig3   0x0071c6    program     static C:\PICkit_2\FirmwareV2\user\pickit2.asm
ANALYZER_FALLING_1MHZ_notrig4   0x007172    program     static C:\PICkit_2\FirmwareV2\user\pickit2.asm
     ANALYZER_RISING_1MHZ   0x0070de    program     extern C:\PICkit_2\FirmwareV2\user\pickit2.asm
ANALYZER_RISING_1MHZ_entry   0x007118    program     static C:\PICkit_2\FirmwareV2\user\pickit2.asm
ANALYZER_RISING_1MHZ_loop   0x007100    program     static C:\PICkit_2\FirmwareV2\user\pickit2.asm
ANALYZER_RISING_1MHZ_notrig1   0x00714a    program     static C:\PICkit_2\FirmwareV2\user\pickit2.asm
ANALYZER_RISING_1MHZ_notrig2   0x007130    program     static C:\PICkit_2\FirmwareV2\user\pickit2.asm
ANALYZER_RISING_1MHZ_notrig3   0x007150    program     static C:\PICkit_2\FirmwareV2\user\pickit2.asm
ANALYZER_RISING_1MHZ_notrig4   0x0070fc    program     static C:\PICkit_2\FirmwareV2\user\pickit2.asm
        ANALYZER_SLOWRATE   0x0071ca    program     extern C:\PICkit_2\FirmwareV2\user\pickit2.asm
  ANALYZER_SLOWRATE_entry   0x00720e    program     static C:\PICkit_2\FirmwareV2\user\pickit2.asm
   ANALYZER_SLOWRATE_loop   0x0071f2    program     static C:\PICkit_2\FirmwareV2\user\pickit2.asm
ANALYZER_SLOWRATE_notrig1   0x007248    program     static C:\PICkit_2\FirmwareV2\user\pickit2.asm
ANALYZER_SLOWRATE_notrig2   0x00722a    program     static C:\PICkit_2\FirmwareV2\user\pickit2.asm
ANALYZER_SLOWRATE_notrig3   0x00724e    program     static C:\PICkit_2\FirmwareV2\user\pickit2.asm
ANALYZER_SLOWRATE_notrig4   0x0071ee    program     static C:\PICkit_2\FirmwareV2\user\pickit2.asm
       ANALYZER_presample   0x007258    program     static C:\PICkit_2\FirmwareV2\user\pickit2.asm
       ANALYZER_trig_cont   0x0072ac    program     static C:\PICkit_2\FirmwareV2\user\pickit2.asm
      ANALYZER_trig_cont2   0x0072c6    program     static C:\PICkit_2\FirmwareV2\user\pickit2.asm
       ANALYZER_trigabort   0x007252    program     static C:\PICkit_2\FirmwareV2\user\pickit2.asm
         ANALYZER_trigger   0x007284    program     static C:\PICkit_2\FirmwareV2\user\pickit2.asm
    ANALYZER_trigger_post   0x00729c    program     static C:\PICkit_2\FirmwareV2\user\pickit2.asm
ANALYZER_trigger_postswap   0x0072b6    program     static C:\PICkit_2\FirmwareV2\user\pickit2.asm
   ANALYZER_trigger_redir   0x0072d0    program     static C:\PICkit_2\FirmwareV2\user\pickit2.asm
  ANALYZER_trigger_redir2   0x0072d2    program     static C:\PICkit_2\FirmwareV2\user\pickit2.asm
     ANALYZER_triggerswap   0x00726c    program     static C:\PICkit_2\FirmwareV2\user\pickit2.asm
                AddrExtEE   0x005d3e    program     extern C:\PICkit_2\FirmwareV2\user\pk_prog2go.c
               CalADCWord   0x002d68    program     extern C:\PICkit_2\FirmwareV2\user\pickit.c
            CalAndSetCCP1   0x002c02    program     extern C:\PICkit_2\FirmwareV2\user\pickit.c
         CalThresholdByte   0x002e4c    program     extern C:\PICkit_2\FirmwareV2\user\pickit.c
       CalcUploadChecksum   0x0064ba    program     extern C:\PICkit_2\FirmwareV2\user\pk_prog2go.c
            CheckDeviceID   0x006446    program     extern C:\PICkit_2\FirmwareV2\user\pk_prog2go.c
         CheckKeySequence   0x005e8a    program     extern C:\PICkit_2\FirmwareV2\user\pk_prog2go.c
          ClassReqHandler   0x007ade    program     extern C:\PICkit_2\FirmwareV2\autofiles\usbdsc.c
      ClearDownloadBuffer   0x002f76    program     extern C:\PICkit_2\FirmwareV2\user\pickit.c
         ClearScriptTable   0x0033b2    program     extern C:\PICkit_2\FirmwareV2\user\pickit.c
        ClearUploadBuffer   0x002f66    program     extern C:\PICkit_2\FirmwareV2\user\pickit.c
         CommandJumpTable   0x00232a    program     static                          
            CopyRamUpload   0x00297c    program     extern C:\PICkit_2\FirmwareV2\user\pickit.c
     CopyScriptToInbuffer   0x006bd6    program     extern C:\PICkit_2\FirmwareV2\user\pk_prog2go.c
                   D100_1   0x007d30    program     static C:\MCC18\SRC\TRADIT~1\DELAYS\d100tcyx.asm
                    D100x   0x007d2e    program     static C:\MCC18\SRC\TRADIT~1\DELAYS\d100tcyx.asm
                   D10K_1   0x007cbc    program     static C:\MCC18\SRC\TRADIT~1\DELAYS\d10ktcyx.asm
                    D10Kl   0x007cc8    program     static C:\MCC18\SRC\TRADIT~1\DELAYS\d10ktcyx.asm
                    D10Kx   0x007cba    program     static C:\MCC18\SRC\TRADIT~1\DELAYS\d10ktcyx.asm
                    D10_1   0x007d4e    program     static C:\MCC18\SRC\TRADIT~1\DELAYS\d10tcyx.asm
                     D10x   0x007d46    program     static C:\MCC18\SRC\TRADIT~1\DELAYS\d10tcyx.asm
           DELAYLOOPACKHI   0x0053cc    program     static                          
           DELAYLOOPACKHI   0x0052fe    program     static                          
           DELAYLOOPACKLO   0x0052ec    program     static                          
           DELAYLOOPACKLO   0x0053ba    program     static                          
              DELAYLOOPHI   0x00511e    program     static                          
              DELAYLOOPHI   0x005430    program     static                          
              DELAYLOOPHI   0x0052d4    program     static                          
              DELAYLOOPHI   0x0050ac    program     static                          
              DELAYLOOPHI   0x005384    program     static                          
              DELAYLOOPLO   0x005372    program     static                          
              DELAYLOOPLO   0x0052c0    program     static                          
              DELAYLOOPLO   0x0050ba    program     static                          
              DELAYLOOPLO   0x005446    program     static                          
              DELAYLOOPLO   0x00512c    program     static                          
          DELAYLOOPSACKLO   0x00539e    program     static                          
             Delay100TCYx   0x007d22    program     extern C:\MCC18\SRC\TRADIT~1\DELAYS\d100tcyx.asm
             Delay10KTCYx   0x007cb0    program     extern C:\MCC18\SRC\TRADIT~1\DELAYS\d10ktcyx.asm
              Delay10TCYx   0x007d3e    program     extern C:\MCC18\SRC\TRADIT~1\DELAYS\d10tcyx.asm
              EE_ReadByte   0x0054aa    program     extern C:\PICkit_2\FirmwareV2\user\pickit.c
             EE_WriteByte   0x005466    program     extern C:\PICkit_2\FirmwareV2\user\pickit.c
          EnablePK2GoMode   0x00282c    program     extern C:\PICkit_2\FirmwareV2\user\pickit.c
          EnterBootloader   0x0039f2    program     extern C:\PICkit_2\FirmwareV2\user\pickit.c
           EnterLearnMode   0x005e4e    program     extern C:\PICkit_2\FirmwareV2\user\pk_prog2go.c
            EnterUARTMode   0x0028c4    program     extern C:\PICkit_2\FirmwareV2\user\pickit.c
            ExitLearnMode   0x005ef8    program     extern C:\PICkit_2\FirmwareV2\user\pk_prog2go.c
             ExitUARTMode   0x00295c    program     extern C:\PICkit_2\FirmwareV2\user\pickit.c
                 FXM1616S   0x0078b4    program     extern C:\MCC18\SRC\TRADIT~1\MATH\fxm1616s.asm
                 FXM1616U   0x00790e    program     extern C:\MCC18\SRC\TRADIT~1\MATH\fxm1616u.asm
                 FXM2424U   0x00794a    program     extern C:\MCC18\SRC\TRADIT~1\MATH\fxm2424u.asm
                  FXM3232   0x007c40    program     extern C:\MCC18\src\TRADIT~1\math\fxm3232.c
          GetAUX_PinState   0x0051d4    program     extern C:\PICkit_2\FirmwareV2\user\pickit.c
        GetICSP_PinStates   0x005186    program     extern C:\PICkit_2\FirmwareV2\user\pickit.c
      HIDGetReportHandler   0x0073fc    program     extern C:\PICkit_2\FirmwareV2\system\usb\class\hid\hid.c
                HIDInitEP   0x007400    program     extern C:\PICkit_2\FirmwareV2\system\usb\class\hid\hid.c
              HIDRxReport   0x0074a8    program     extern C:\PICkit_2\FirmwareV2\system\usb\class\hid\hid.c
      HIDSetReportHandler   0x0073fe    program     extern C:\PICkit_2\FirmwareV2\system\usb\class\hid\hid.c
              HIDTxReport   0x007430    program     extern C:\PICkit_2\FirmwareV2\system\usb\class\hid\hid.c
                 I2C_Read   0x00531c    program     extern C:\PICkit_2\FirmwareV2\user\pickit.c
                I2C_Start   0x0051f6    program     extern C:\PICkit_2\FirmwareV2\user\pickit.c
                 I2C_Stop   0x005220    program     extern C:\PICkit_2\FirmwareV2\user\pickit.c
                I2C_Write   0x00524a    program     extern C:\PICkit_2\FirmwareV2\user\pickit.c
       ICDSlaveBL_Receive   0x004c7a    program     extern C:\PICkit_2\FirmwareV2\user\pickit.c
      ICDSlaveBL_transmit   0x004b6a    program     extern C:\PICkit_2\FirmwareV2\user\pickit.c
         ICDSlave_Receive   0x004a88    program     extern C:\PICkit_2\FirmwareV2\user\pickit.c
        ICDSlave_transmit   0x00498c    program     extern C:\PICkit_2\FirmwareV2\user\pickit.c
         InitializeSystem   0x007cec    program     static C:\PICkit_2\FirmwareV2\main.c
         InterruptHandler   0x00753a    program     extern C:\PICkit_2\FirmwareV2\user\pk_isr.c
       InterruptVectorLow   0x002018    program     extern C:\PICkit_2\FirmwareV2\main.c
                JTAG2W4PH   0x00708e    program     extern C:\PICkit_2\FirmwareV2\user\pickit2.asm
             JumpTableEnd   0x002368    program     static                          
                LOGICPREP   0x0070ba    program     extern C:\PICkit_2\FirmwareV2\user\pickit2.asm
           LOGICPREP_loop   0x0070d6    program     static C:\PICkit_2\FirmwareV2\user\pickit2.asm
            LogicAnalyzer   0x005b9e    program     extern C:\PICkit_2\FirmwareV2\user\pickit.c
                LongDelay   0x004966    program     extern C:\PICkit_2\FirmwareV2\user\pickit.c
             MeasurePulse   0x004d60    program     extern C:\PICkit_2\FirmwareV2\user\pickit.c
                       N1   0x005270    program     static                          
                      N10   0x005292    program     static                          
                      N11   0x005294    program     static                          
                      N12   0x005296    program     static                          
                      N13   0x005298    program     static                          
                      N14   0x00529a    program     static                          
                      N15   0x0052a0    program     static                          
                      N16   0x0052a2    program     static                          
                      N17   0x0052a4    program     static                          
                       N2   0x005272    program     static                          
                       N3   0x005274    program     static                          
                       N4   0x00527a    program     static                          
                       N5   0x00527c    program     static                          
                       N6   0x00527e    program     static                          
                       N7   0x005280    program     static                          
                       N8   0x005286    program     static                          
                       N9   0x005288    program     static                          
                      N_1   0x0052c4    program     static                          
                     N_10   0x005300    program     static                          
                      N_2   0x0052c6    program     static                          
                      N_3   0x0052c8    program     static                          
                      N_4   0x0052d2    program     static                          
                      N_5   0x0052d6    program     static                          
                      N_6   0x0052ea    program     static                          
                      N_7   0x0052f0    program     static                          
                      N_8   0x0052f2    program     static                          
                      N_9   0x0052f4    program     static                          
                P32DataIO   0x0057ac    program     extern C:\PICkit_2\FirmwareV2\user\pickit.c
         P32GetPEResponse   0x005b02    program     extern C:\PICkit_2\FirmwareV2\user\pickit.c
           P32SendCommand   0x0057fa    program     extern C:\PICkit_2\FirmwareV2\user\pickit.c
               P32SetMode   0x005772    program     extern C:\PICkit_2\FirmwareV2\user\pickit.c
            P32XferData32   0x00589c    program     extern C:\PICkit_2\FirmwareV2\user\pickit.c
             P32XferData8   0x00583c    program     extern C:\PICkit_2\FirmwareV2\user\pickit.c
        P32XferFastData32   0x0059be    program     extern C:\PICkit_2\FirmwareV2\user\pickit.c
       P32XferInstruction   0x005a60    program     extern C:\PICkit_2\FirmwareV2\user\pickit.c
               PICkitInit   0x00202a    program     extern C:\PICkit_2\FirmwareV2\user\pickit.c
             PK2GoExecute   0x00625e    program     extern C:\PICkit_2\FirmwareV2\user\pk_prog2go.c
                PK2GoInit   0x005c30    program     extern C:\PICkit_2\FirmwareV2\user\pk_prog2go.c
               PK2GoLearn   0x005f0e    program     extern C:\PICkit_2\FirmwareV2\user\pk_prog2go.c
         PK2GoModeService   0x0026a6    program     extern C:\PICkit_2\FirmwareV2\user\pickit.c
 PK2GoStoreScriptInBuffer   0x006726    program     extern C:\PICkit_2\FirmwareV2\user\pk_prog2go.c
PK2GoWriteDownloadDataBuffer   0x006c10    program     extern C:\PICkit_2\FirmwareV2\user\pk_prog2go.c
          Pk2GoErrorBlink   0x006cde    program     extern C:\PICkit_2\FirmwareV2\user\pk_prog2go.c
                ProcessIO   0x00222c    program     extern C:\PICkit_2\FirmwareV2\user\pickit.c
                       R1   0x005370    program     static                          
                      R10   0x0053a4    program     static                          
                       R2   0x005374    program     static                          
                       R3   0x005376    program     static                          
                       R4   0x005378    program     static                          
                       R5   0x005386    program     static                          
                       R6   0x005392    program     static                          
                       R7   0x00539c    program     static                          
                       R8   0x0053a0    program     static                          
                       R9   0x0053a2    program     static                          
             RDELAYLOOPHI   0x004ebe    program     static                          
             RDELAYLOOPHI   0x004f4c    program     static                          
             RDELAYLOOPLO   0x004f5e    program     static                          
             RDELAYLOOPLO   0x004ecc    program     static                          
               READ8LOOPF   0x004e94    program     static                          
               READ8LOOPF   0x004f26    program     static                          
                READLOOPS   0x004f44    program     static                          
                READLOOPS   0x004eb2    program     static                          
                  RXBit0H   0x004d36    program     static                          
                  RXBit0H   0x004b40    program     static                          
                  RXBit0L   0x004d3e    program     static                          
                  RXBit0L   0x004b48    program     static                          
                  RXBit1H   0x004d26    program     static                          
                  RXBit1H   0x004b30    program     static                          
                  RXBit1L   0x004d2e    program     static                          
                  RXBit1L   0x004b38    program     static                          
                  RXBit2H   0x004b20    program     static                          
                  RXBit2H   0x004d16    program     static                          
                  RXBit2L   0x004b28    program     static                          
                  RXBit2L   0x004d1e    program     static                          
                  RXBit3H   0x004d06    program     static                          
                  RXBit3H   0x004b10    program     static                          
                  RXBit3L   0x004b18    program     static                          
                  RXBit3L   0x004d0e    program     static                          
                  RXBit4H   0x004b00    program     static                          
                  RXBit4H   0x004cf6    program     static                          
                  RXBit4L   0x004b08    program     static                          
                  RXBit4L   0x004cfe    program     static                          
                  RXBit5H   0x004ce6    program     static                          
                  RXBit5H   0x004af0    program     static                          
                  RXBit5L   0x004af8    program     static                          
                  RXBit5L   0x004cee    program     static                          
                  RXBit6H   0x004cd6    program     static                          
                  RXBit6H   0x004ae0    program     static                          
                  RXBit6L   0x004cde    program     static                          
                  RXBit6L   0x004ae8    program     static                          
                  RXBit7H   0x004ad0    program     static                          
                  RXBit7H   0x004cc6    program     static                          
                  RXBit7L   0x004ad8    program     static                          
                  RXBit7L   0x004cce    program     static                          
            RXTimeoutExit   0x004d46    program     static                          
            RXTimeoutExit   0x004b50    program     static                          
                      R_1   0x00533c    program     static                          
                     R_10   0x00535a    program     static                          
                      R_2   0x00533e    program     static                          
                      R_3   0x005340    program     static                          
                      R_4   0x005342    program     static                          
                      R_5   0x005348    program     static                          
                      R_6   0x00534a    program     static                          
                      R_7   0x00534c    program     static                          
                      R_8   0x005356    program     static                          
                      R_9   0x005358    program     static                          
            Rd64FromExtEE   0x005cc2    program     extern C:\PICkit_2\FirmwareV2\user\pk_prog2go.c
              RdByteExtEE   0x005e2a    program     extern C:\PICkit_2\FirmwareV2\user\pk_prog2go.c
              ReadBandGap   0x00655a    program     extern C:\PICkit_2\FirmwareV2\user\pk_prog2go.c
     ReadCalFactorsFromEE   0x002f1a    program     extern C:\PICkit_2\FirmwareV2\user\pickit.c
       ReadDownloadBuffer   0x005006    program     extern C:\PICkit_2\FirmwareV2\user\pickit.c
       ReadInternalEEPROM   0x0029fe    program     extern C:\PICkit_2\FirmwareV2\user\pickit.c
               ReadOSCCAL   0x0065b2    program     extern C:\PICkit_2\FirmwareV2\user\pk_prog2go.c
     ReadUploadDataBuffer   0x0031ce    program     extern C:\PICkit_2\FirmwareV2\user\pickit.c
ReadUploadDataBufferNoLength   0x003274    program     extern C:\PICkit_2\FirmwareV2\user\pickit.c
                RunScript   0x003310    program     extern C:\PICkit_2\FirmwareV2\user\pickit.c
            SPI_ReadWrite   0x0053ea    program     extern C:\PICkit_2\FirmwareV2\user\pickit.c
       SaveCalFactorsToEE   0x002ed4    program     extern C:\PICkit_2\FirmwareV2\user\pickit.c
             ScriptEngine   0x003a78    program     extern C:\PICkit_2\FirmwareV2\user\pickit.c
      ScriptIdxIncJumpEnd   0x004284    program     static                          
            ScriptJumpEnd   0x004286    program     static                          
         ScriptJumpTable2   0x004288    program     static                          
         SendFWVersionUSB   0x003a62    program     extern C:\PICkit_2\FirmwareV2\user\pickit.c
   SendScriptChecksumsUSB   0x002f86    program     extern C:\PICkit_2\FirmwareV2\user\pickit.c
            SendStatusUSB   0x003a22    program     extern C:\PICkit_2\FirmwareV2\user\pickit.c
            SendVddVppUSB   0x0030dc    program     extern C:\PICkit_2\FirmwareV2\user\pickit.c
          SetAUX_PinState   0x0051ac    program     extern C:\PICkit_2\FirmwareV2\user\pickit.c
        SetICSP_PinStates   0x005146    program     extern C:\PICkit_2\FirmwareV2\user\pickit.c
          ShiftBitsInICSP   0x004f0a    program     extern C:\PICkit_2\FirmwareV2\user\pickit.c
         ShiftBitsInPIC24   0x004e78    program     extern C:\PICkit_2\FirmwareV2\user\pickit.c
         ShiftBitsOutICSP   0x005066    program     extern C:\PICkit_2\FirmwareV2\user\pickit.c
     ShiftBitsOutICSPHold   0x0050d6    program     extern C:\PICkit_2\FirmwareV2\user\pickit.c
               ShortDelay   0x004e3a    program     extern C:\PICkit_2\FirmwareV2\user\pickit.c
      StoreScriptInBuffer   0x0034e6    program     extern C:\PICkit_2\FirmwareV2\user\pickit.c
               TSIGN1616A   0x007900    program     static C:\MCC18\SRC\TRADIT~1\MATH\fxm1616s.asm
                  TXBit0H   0x004a5c    program     static                          
                  TXBit0H   0x004c40    program     static                          
                  TXBit0L   0x004a6a    program     static                          
                  TXBit0L   0x004c4e    program     static                          
                  TXBit1H   0x004a4a    program     static                          
                  TXBit1H   0x004c2e    program     static                          
                  TXBit1L   0x004c3c    program     static                          
                  TXBit1L   0x004a58    program     static                          
                  TXBit2H   0x004c1c    program     static                          
                  TXBit2H   0x004a38    program     static                          
                  TXBit2L   0x004c2a    program     static                          
                  TXBit2L   0x004a46    program     static                          
                  TXBit3H   0x004c0a    program     static                          
                  TXBit3H   0x004a26    program     static                          
                  TXBit3L   0x004c18    program     static                          
                  TXBit3L   0x004a34    program     static                          
                  TXBit4H   0x004bf8    program     static                          
                  TXBit4H   0x004a14    program     static                          
                  TXBit4L   0x004a22    program     static                          
                  TXBit4L   0x004c06    program     static                          
                  TXBit5H   0x004be6    program     static                          
                  TXBit5H   0x004a02    program     static                          
                  TXBit5L   0x004a10    program     static                          
                  TXBit5L   0x004bf4    program     static                          
                  TXBit6H   0x0049f0    program     static                          
                  TXBit6H   0x004bd4    program     static                          
                  TXBit6L   0x0049fe    program     static                          
                  TXBit6L   0x004be2    program     static                          
                  TXBit7H   0x004bc2    program     static                          
                  TXBit7H   0x0049de    program     static                          
                  TXBit7L   0x0049ec    program     static                          
                  TXBit7L   0x004bd0    program     static                          
            TXTimeoutExit   0x004c52    program     static                          
            TXTimeoutExit   0x004a6e    program     static                          
          UARTModeService   0x00279a    program     extern C:\PICkit_2\FirmwareV2\user\pickit.c
                     UNIO   0x0054c8    program     extern C:\PICkit_2\FirmwareV2\user\pickit.c
        USBCheckBusStatus   0x007ae0    program     extern C:\PICkit_2\FirmwareV2\system\usb\usbdrv\usbdrv.c
       USBCheckHIDRequest   0x0072f4    program     extern C:\PICkit_2\FirmwareV2\system\usb\class\hid\hid.c
       USBCheckStdRequest   0x00775c    program     extern C:\PICkit_2\FirmwareV2\system\usb\usb9\usb9.c
         USBCtrlEPService   0x006d20    program     extern C:\PICkit_2\FirmwareV2\system\usb\usbctrltrf\usbctrltrf.c
 USBCtrlEPServiceComplete   0x006fd0    program     extern C:\PICkit_2\FirmwareV2\system\usb\usbctrltrf\usbctrltrf.c
      USBCtrlTrfInHandler   0x006df4    program     extern C:\PICkit_2\FirmwareV2\system\usb\usbctrltrf\usbctrltrf.c
     USBCtrlTrfOutHandler   0x006dd0    program     extern C:\PICkit_2\FirmwareV2\system\usb\usbctrltrf\usbctrltrf.c
      USBCtrlTrfRxService   0x006f4c    program     extern C:\PICkit_2\FirmwareV2\system\usb\usbctrltrf\usbctrltrf.c
   USBCtrlTrfSetupHandler   0x006d52    program     extern C:\PICkit_2\FirmwareV2\system\usb\usbctrltrf\usbctrltrf.c
      USBCtrlTrfTxService   0x006e46    program     extern C:\PICkit_2\FirmwareV2\system\usb\usbctrltrf\usbctrltrf.c
         USBDriverService   0x007b00    program     extern C:\PICkit_2\FirmwareV2\system\usb\usbdrv\usbdrv.c
         USBHIDTxBlocking   0x00220a    program     extern C:\PICkit_2\FirmwareV2\user\pickit.c
USBPrepareForNextSetupTrf   0x00706e    program     extern C:\PICkit_2\FirmwareV2\system\usb\usbctrltrf\usbctrltrf.c
  USBProtocolResetHandler   0x007b70    program     extern C:\PICkit_2\FirmwareV2\system\usb\usbdrv\usbdrv.c
            USBSoftDetach   0x007af6    program     extern C:\PICkit_2\FirmwareV2\system\usb\usbdrv\usbdrv.c
               USB_CD_Ptr   0x007ad4    program     extern C:\PICkit_2\FirmwareV2\autofiles\usbdsc.c
               USB_SD_Ptr   0x007ad8    program     extern C:\PICkit_2\FirmwareV2\autofiles\usbdsc.c
       VppVddADCTMR1_Stop   0x007750    program     extern C:\PICkit_2\FirmwareV2\user\pk_isr.c
      VppVddADCTmr1_Start   0x007726    program     extern C:\PICkit_2\FirmwareV2\user\pk_isr.c
                WAIT2TMR0   0x00558e    program     static                          
               WAITM2TMR0   0x0055c8    program     static                          
             WAITMRX2TMR0   0x0056ec    program     static                          
              WAITMRXTMR0   0x0056d6    program     static                          
                WAITMTMR0   0x0055a2    program     static                          
               WAITRXADJ0   0x0056ac    program     static                          
            WAITRXADJ0_GO   0x0056b4    program     static                          
               WAITRXADJ1   0x00569e    program     static                          
            WAITRXADJ1_GO   0x0056a6    program     static                          
                WAITRXBIT   0x005674    program     static                          
                 WAITSAK1   0x0055d4    program     static                          
                 WAITSAK1   0x0056f8    program     static                          
                 WAITSAK2   0x005604    program     static                          
                 WAITSAK2   0x005724    program     static                          
                 WAITTMR0   0x005566    program     static                          
              WRITE8LOOPF   0x005406    program     static                          
              WRITE8LOOPF   0x005338    program     static                          
              WRITE8LOOPF   0x005084    program     static                          
              WRITE8LOOPF   0x0050f4    program     static                          
              WRITE8LOOPF   0x005266    program     static                          
              WRITE8LOOPS   0x0052b6    program     static                          
              WRITE8LOOPS   0x0050a2    program     static                          
              WRITE8LOOPS   0x005112    program     static                          
              WRITE8LOOPS   0x005426    program     static                          
              WRITE8LOOPS   0x00536a    program     static                          
              Wr64ToExtEE   0x005c62    program     extern C:\PICkit_2\FirmwareV2\user\pk_prog2go.c
              WrByteExtEE   0x005dfa    program     extern C:\PICkit_2\FirmwareV2\user\pk_prog2go.c
  WriteByteDownloadBuffer   0x00491c    program     extern C:\PICkit_2\FirmwareV2\user\pickit.c
          WriteCfgBandGap   0x00659a    program     extern C:\PICkit_2\FirmwareV2\user\pk_prog2go.c
  WriteDownloadDataBuffer   0x0033e8    program     extern C:\PICkit_2\FirmwareV2\user\pickit.c
      WriteInternalEEPROM   0x002afe    program     extern C:\PICkit_2\FirmwareV2\user\pickit.c
              WriteOSCCAL   0x00666e    program     extern C:\PICkit_2\FirmwareV2\user\pk_prog2go.c
        WriteUploadBuffer   0x004f9c    program     extern C:\PICkit_2\FirmwareV2\user\pickit.c
              _.code_0066   0x0070f4    program     static C:\PICkit_2\FirmwareV2\user\pickit2.asm
              _.code_0068   0x0070f6    program     static C:\PICkit_2\FirmwareV2\user\pickit2.asm
              _.code_006A   0x0070f8    program     static C:\PICkit_2\FirmwareV2\user\pickit2.asm
              _.code_00DC   0x00716a    program     static C:\PICkit_2\FirmwareV2\user\pickit2.asm
              _.code_00DE   0x00716c    program     static C:\PICkit_2\FirmwareV2\user\pickit2.asm
              _.code_00E0   0x00716e    program     static C:\PICkit_2\FirmwareV2\user\pickit2.asm
              _.code_0156   0x0071e4    program     static C:\PICkit_2\FirmwareV2\user\pickit2.asm
              _.code_0158   0x0071e6    program     static C:\PICkit_2\FirmwareV2\user\pickit2.asm
              _.code_015A   0x0071e8    program     static C:\PICkit_2\FirmwareV2\user\pickit2.asm
              _.code_01C0   0x00724e    program     static C:\PICkit_2\FirmwareV2\user\pickit2.asm
              _.code_01CE   0x00725c    program     static C:\PICkit_2\FirmwareV2\user\pickit2.asm
              _.code_01D0   0x00725e    program     static C:\PICkit_2\FirmwareV2\user\pickit2.asm
              _.code_01D2   0x007260    program     static C:\PICkit_2\FirmwareV2\user\pickit2.asm
              _.code_01EC   0x00727a    program     static C:\PICkit_2\FirmwareV2\user\pickit2.asm
              _.code_0204   0x007292    program     static C:\PICkit_2\FirmwareV2\user\pickit2.asm
              _.code_0248   0x0072d6    program     static C:\PICkit_2\FirmwareV2\user\pickit2.asm
              _.code_024A   0x0072d8    program     static C:\PICkit_2\FirmwareV2\user\pickit2.asm
              _.code_0252   0x0072e0    program     static C:\PICkit_2\FirmwareV2\user\pickit2.asm
       _D100TCYXCODE_0008   0x007d2a    program     static C:\MCC18\SRC\TRADIT~1\DELAYS\d100tcyx.asm
       _D100TCYXCODE_0012   0x007d34    program     static C:\MCC18\SRC\TRADIT~1\DELAYS\d100tcyx.asm
       _D100TCYXCODE_0018   0x007d3a    program     static C:\MCC18\SRC\TRADIT~1\DELAYS\d100tcyx.asm
       _D10KTCYXCODE_0010   0x007cc0    program     static C:\MCC18\SRC\TRADIT~1\DELAYS\d10ktcyx.asm
       _D10KTCYXCODE_001C   0x007ccc    program     static C:\MCC18\SRC\TRADIT~1\DELAYS\d10ktcyx.asm
        _D10TCYXCODE_000A   0x007d48    program     static C:\MCC18\SRC\TRADIT~1\DELAYS\d10tcyx.asm
        _D10TCYXCODE_000C   0x007d4a    program     static C:\MCC18\SRC\TRADIT~1\DELAYS\d10tcyx.asm
        _D10TCYXCODE_000E   0x007d4c    program     static C:\MCC18\SRC\TRADIT~1\DELAYS\d10tcyx.asm
     ___case_118_lbl00029   0x0022c0    program     static                          
      ___case_66_lbl00031   0x002300    program     static                          
      ___case_90_lbl00028   0x0022bc    program     static                          
      ___default_lbl00033   0x002306    program     static                          
           ___do_lbl00025   0x00268a    program     static                          
           ___do_lbl00026   0x002692    program     static                          
           ___do_lbl00035   0x00229c    program     static                          
           ___do_lbl00310   0x00563a    program     static                          
           ___do_lbl00311   0x005644    program     static                          
           ___do_lbl00325   0x00553c    program     static                          
         ___else_lbl00007   0x0075bc    program     static                          
         ___else_lbl00009   0x0075e0    program     static                          
         ___else_lbl00011   0x0075d6    program     static                          
         ___else_lbl00015   0x0075f2    program     static                          
         ___else_lbl00017   0x0075c2    program     static                          
         ___else_lbl00021   0x007638    program     static                          
         ___else_lbl00023   0x00762a    program     static                          
         ___else_lbl00025   0x00761e    program     static                          
         ___else_lbl00029   0x00767a    program     static                          
         ___else_lbl00031   0x007680    program     static                          
         ___else_lbl00039   0x0076fe    program     static                          
         ___else_lbl00041   0x007704    program     static                          
         ___else_lbl00045   0x00764c    program     static                          
         ___else_lbl00177   0x003e4a    program     static                          
         ___else_lbl00179   0x003eba    program     static                          
         ___else_lbl00250   0x004eac    program     static                          
         ___else_lbl00254   0x004f3e    program     static                          
         ___else_lbl00264   0x00509c    program     static                          
         ___else_lbl00267   0x00510c    program     static                          
         ___else_lbl00291   0x0052ac    program     static                          
         ___else_lbl00295   0x005360    program     static                          
         ___else_lbl00299   0x005420    program     static                          
         ___else_lbl00308   0x0054f2    program     static                          
         ___else_lbl00316   0x00558c    program     static                          
         ___else_lbl00320   0x0055c2    program     static                          
         ___else_lbl00331   0x00568c    program     static                          
         ___else_lbl00333   0x0056ac    program     static                          
          ___for_lbl00312   0x00559a    program     static                          
          ___for_lbl00313   0x0055a0    program     static                          
          ___for_lbl00317   0x005544    program     static                          
          ___for_lbl00328   0x0056ce    program     static                          
          ___for_lbl00329   0x0056d4    program     static                          
          ___for_lbl00335   0x00565a    program     static                          
           ___if_lbl00002   0x007588    program     static                          
           ___if_lbl00003   0x007592    program     static                          
           ___if_lbl00004   0x007594    program     static                          
           ___if_lbl00006   0x0075c0    program     static                          
           ___if_lbl00008   0x0075e4    program     static                          
           ___if_lbl00010   0x0075e4    program     static                          
           ___if_lbl00012   0x0075e6    program     static                          
           ___if_lbl00013   0x0075fa    program     static                          
           ___if_lbl00014   0x0075fc    program     static                          
           ___if_lbl00016   0x0075fc    program     static                          
           ___if_lbl00017   0x002246    program     static                          
           ___if_lbl00018   0x0075fc    program     static                          
           ___if_lbl00018   0x002266    program     static                          
           ___if_lbl00019   0x002274    program     static                          
           ___if_lbl00020   0x002276    program     static                          
           ___if_lbl00020   0x00764a    program     static                          
           ___if_lbl00022   0x00764a    program     static                          
           ___if_lbl00022   0x00228e    program     static                          
           ___if_lbl00023   0x00228e    program     static                          
           ___if_lbl00024   0x002294    program     static                          
           ___if_lbl00024   0x00764a    program     static                          
           ___if_lbl00026   0x00764a    program     static                          
           ___if_lbl00028   0x00767e    program     static                          
           ___if_lbl00030   0x007684    program     static                          
           ___if_lbl00030   0x0022fc    program     static                          
           ___if_lbl00032   0x002312    program     static                          
           ___if_lbl00032   0x0076b0    program     static                          
           ___if_lbl00033   0x0076b0    program     static                          
           ___if_lbl00034   0x0076ba    program     static                          
           ___if_lbl00034   0x00231e    program     static                          
           ___if_lbl00035   0x0076d2    program     static                          
           ___if_lbl00036   0x002692    program     static                          
           ___if_lbl00036   0x0076de    program     static                          
           ___if_lbl00038   0x007702    program     static                          
           ___if_lbl00040   0x007708    program     static                          
           ___if_lbl00042   0x007708    program     static                          
           ___if_lbl00043   0x007710    program     static                          
           ___if_lbl00044   0x007710    program     static                          
           ___if_lbl00046   0x007714    program     static                          
           ___if_lbl00168   0x003aaa    program     static                          
           ___if_lbl00172   0x003aec    program     static                          
           ___if_lbl00173   0x003af4    program     static                          
           ___if_lbl00174   0x003d2a    program     static                          
           ___if_lbl00175   0x003d32    program     static                          
           ___if_lbl00176   0x003e4e    program     static                          
           ___if_lbl00178   0x003ebe    program     static                          
           ___if_lbl00180   0x004012    program     static                          
           ___if_lbl00181   0x00401a    program     static                          
           ___if_lbl00182   0x0040a8    program     static                          
           ___if_lbl00195   0x004a70    program     static                          
           ___if_lbl00196   0x004a70    program     static                          
           ___if_lbl00197   0x004a78    program     static                          
           ___if_lbl00205   0x004b52    program     static                          
           ___if_lbl00206   0x004b52    program     static                          
           ___if_lbl00207   0x004b5e    program     static                          
           ___if_lbl00215   0x004c54    program     static                          
           ___if_lbl00216   0x004c54    program     static                          
           ___if_lbl00217   0x004c5c    program     static                          
           ___if_lbl00225   0x004d48    program     static                          
           ___if_lbl00226   0x004d48    program     static                          
           ___if_lbl00227   0x004d50    program     static                          
           ___if_lbl00249   0x004edc    program     static                          
           ___if_lbl00251   0x004efc    program     static                          
           ___if_lbl00253   0x004f6e    program     static                          
           ___if_lbl00255   0x004f8e    program     static                          
           ___if_lbl00263   0x0050cc    program     static                          
           ___if_lbl00266   0x00513c    program     static                          
           ___if_lbl00290   0x00530a    program     static                          
           ___if_lbl00292   0x005314    program     static                          
           ___if_lbl00294   0x0053aa    program     static                          
           ___if_lbl00296   0x0053b4    program     static                          
           ___if_lbl00298   0x005456    program     static                          
           ___if_lbl00307   0x005500    program     static                          
           ___if_lbl00309   0x00553a    program     static                          
           ___if_lbl00315   0x00558e    program     static                          
           ___if_lbl00319   0x0055c8    program     static                          
           ___if_lbl00322   0x005604    program     static                          
           ___if_lbl00324   0x005634    program     static                          
           ___if_lbl00330   0x00568e    program     static                          
           ___if_lbl00332   0x0056b8    program     static                          
           ___if_lbl00334   0x0056ce    program     static                          
           ___if_lbl00337   0x005724    program     static                          
           ___if_lbl00339   0x005750    program     static                          
           ___if_lbl00340   0x005758    program     static                          
       ___return_lbl00000   0x007cae    program     static                          
       ___return_lbl00000   0x000004    program     static                          
       ___return_lbl00000   0x002004    program     static                          
       ___return_lbl00000   0x007714    program     static                          
       ___return_lbl00001   0x00200c    program     static                          
       ___return_lbl00001   0x007d20    program     static                          
       ___return_lbl00002   0x00201c    program     static                          
       ___return_lbl00002   0x007c3e    program     static                          
       ___return_lbl00016   0x002692    program     static                          
       ___return_lbl00022   0x007ba0    program     static                          
       ___return_lbl00159   0x003a20    program     static                          
       ___return_lbl00166   0x004908    program     static                          
       ___return_lbl00188   0x004a80    program     static                          
       ___return_lbl00198   0x004b68    program     static                          
       ___return_lbl00208   0x004c72    program     static                          
       ___return_lbl00218   0x004d5e    program     static                          
       ___return_lbl00248   0x004f00    program     static                          
       ___return_lbl00252   0x004f92    program     static                          
       ___return_lbl00262   0x0050cc    program     static                          
       ___return_lbl00265   0x00513c    program     static                          
       ___return_lbl00289   0x005314    program     static                          
       ___return_lbl00293   0x0053e2    program     static                          
       ___return_lbl00297   0x00545c    program     static                          
       ___return_lbl00306   0x00575e    program     static                          
   ___switchexit_lbl00027   0x00268a    program     static                          
        ___while_lbl00023   0x007b7c    program     static                          
        ___while_lbl00024   0x007b90    program     static                          
        ___while_lbl00169   0x003aaa    program     static                          
        ___while_lbl00170   0x004908    program     static                          
        ___while_lbl00189   0x0049a4    program     static                          
        ___while_lbl00190   0x0049b2    program     static                          
        ___while_lbl00192   0x0049c6    program     static                          
        ___while_lbl00193   0x0049d4    program     static                          
        ___while_lbl00199   0x004a98    program     static                          
        ___while_lbl00200   0x004aa6    program     static                          
        ___while_lbl00202   0x004aba    program     static                          
        ___while_lbl00203   0x004ac8    program     static                          
        ___while_lbl00209   0x004b84    program     static                          
        ___while_lbl00210   0x004b92    program     static                          
        ___while_lbl00212   0x004ba6    program     static                          
        ___while_lbl00213   0x004bb4    program     static                          
        ___while_lbl00219   0x004c8c    program     static                          
        ___while_lbl00220   0x004c9a    program     static                          
        ___while_lbl00222   0x004cae    program     static                          
        ___while_lbl00223   0x004cbc    program     static                          
        ___while_lbl00326   0x005644    program     static                          
        ___while_lbl00327   0x005752    program     static                          
                   __init   0x007d54    program     extern C:\MCC18\src\TRADIT~1\stdclib\__init.c
               __tmplbl_0   0x007560    program     static                          
               __tmplbl_1   0x00755a    program     static                          
              __tmplbl_16   0x003aa2    program     static                          
              __tmplbl_17   0x003a9a    program     static                          
              __tmplbl_18   0x003ac2    program     static                          
              __tmplbl_19   0x003ab6    program     static                          
               __tmplbl_2   0x0075a0    program     static                          
              __tmplbl_20   0x0049b0    program     static                          
              __tmplbl_21   0x0049aa    program     static                          
              __tmplbl_22   0x0049d2    program     static                          
              __tmplbl_23   0x0049cc    program     static                          
              __tmplbl_24   0x004aa4    program     static                          
              __tmplbl_25   0x004a9e    program     static                          
              __tmplbl_26   0x004ac6    program     static                          
              __tmplbl_27   0x004ac0    program     static                          
              __tmplbl_28   0x004b90    program     static                          
              __tmplbl_29   0x004b8a    program     static                          
               __tmplbl_3   0x00759a    program     static                          
              __tmplbl_30   0x004bb2    program     static                          
              __tmplbl_31   0x004bac    program     static                          
              __tmplbl_32   0x004c98    program     static                          
              __tmplbl_33   0x004c92    program     static                          
              __tmplbl_34   0x004cba    program     static                          
              __tmplbl_35   0x004cb4    program     static                          
              __tmplbl_36   0x005588    program     static                          
              __tmplbl_37   0x005582    program     static                          
              __tmplbl_38   0x0055bc    program     static                          
              __tmplbl_39   0x0055b4    program     static                          
               __tmplbl_4   0x007608    program     static                          
              __tmplbl_40   0x0055f8    program     static                          
              __tmplbl_41   0x0055f2    program     static                          
              __tmplbl_42   0x005628    program     static                          
              __tmplbl_43   0x005622    program     static                          
              __tmplbl_44   0x00571c    program     static                          
              __tmplbl_45   0x005716    program     static                          
              __tmplbl_46   0x005748    program     static                          
              __tmplbl_47   0x005742    program     static                          
               __tmplbl_5   0x007602    program     static                          
              __tmplbl_58   0x005558    program     static                          
              __tmplbl_59   0x00566e    program     static                          
               __tmplbl_6   0x007668    program     static                          
               __tmplbl_7   0x00228a    program     static                          
               __tmplbl_7   0x007660    program     static                          
               __tmplbl_8   0x002282    program     static                          
               __tmplbl_8   0x0076ec    program     static                          
               __tmplbl_9   0x0076e4    program     static                          
            __zero_memory   0x0072e6    program     extern C:\MCC18\SRC\TRADIT~1\PROC\p18f2550.asm
                _do_cinit   0x007ba2    program     extern C:\MCC18\src\traditional\startup\c018i.c
                   _entry   0x000000    program     extern C:\MCC18\src\traditional\startup\c018i.c
                _high_ISR   0x002008    program     extern C:\PICkit_2\FirmwareV2\main.c
                   _reset   0x002000    program     extern C:\PICkit_2\FirmwareV2\main.c
                 _startup   0x007d06    program     extern C:\MCC18\src\traditional\startup\c018i.c
     caseAUX_STATE_BUFFER   0x004486    program     static                          
         caseBUSY_LED_OFF   0x003b90    program     static                          
          caseBUSY_LED_ON   0x003b8c    program     static                          
  caseCLR_DOWNLOAD_BUFFER   0x0024a6    program     static                          
    caseCLR_SCRIPT_BUFFER   0x0024d2    program     static                          
    caseCLR_UPLOAD_BUFFER   0x0024c2    program     static                          
       caseCONST_WRITE_DL   0x0043ba    program     static                          
      caseCOPY_RAM_UPLOAD   0x00265c    program     static                          
           caseCOREINST18   0x00414c    program     static                          
           caseCOREINST24   0x0041b2    program     static                          
           caseDELAY_LONG   0x003dbc    program     static                          
          caseDELAY_SHORT   0x003d96    program     static                          
        caseDOWNLOAD_DATA   0x0024ae    program     static                          
      caseDOWNLOAD_SCRIPT   0x002420    program     static                          
    caseENABLE_PK2GO_MODE   0x0025b4    program     static                          
        caseEND_OF_BUFFER   0x0024e2    program     static                          
     caseENTER_LEARN_MODE   0x00259e    program     static                          
      caseENTER_UART_MODE   0x002586    program     static                          
       caseEXECUTE_SCRIPT   0x002464    program     static                          
      caseEXIT_LEARN_MODE   0x0025b0    program     static                          
          caseEXIT_SCRIPT   0x003ee8    program     static                          
       caseEXIT_UART_MODE   0x002598    program     static                          
           caseGOTO_INDEX   0x003ec0    program     static                          
      caseI2C_RD_BYTE_ACK   0x0044d4    program     static                          
     caseI2C_RD_BYTE_NACK   0x0044e6    program     static                          
            caseI2C_START   0x004494    program     static                          
             caseI2C_STOP   0x00449a    program     static                          
      caseI2C_WR_BYTE_BUF   0x0044c6    program     static                          
      caseI2C_WR_BYTE_LIT   0x0044a0    program     static                          
          caseICDSLAVE_RX   0x003fa0    program     static                          
       caseICDSLAVE_RX_BL   0x004584    program     static                          
      caseICDSLAVE_TX_BUF   0x003fd8    program     static                          
   caseICDSLAVE_TX_BUF_BL   0x0045b6    program     static                          
      caseICDSLAVE_TX_LIT   0x003fb0    program     static                          
   caseICDSLAVE_TX_LIT_BL   0x004590    program     static                          
   caseICSP_STATES_BUFFER   0x0040ba    program     static                          
           caseIF_EQ_GOTO   0x003de2    program     static                          
           caseIF_GT_GOTO   0x003e50    program     static                          
      caseJT2_GET_PE_RESP   0x0048f2    program     static                          
     caseJT2_PE_PROG_RESP   0x004774    program     static                          
          caseJT2_SENDCMD   0x004728    program     static                          
          caseJT2_SETMODE   0x0046d8    program     static                          
     caseJT2_WAIT_PE_RESP   0x004782    program     static                          
   caseJT2_XFERDATA32_LIT   0x004792    program     static                          
    caseJT2_XFERDATA8_LIT   0x00474e    program     static                          
     caseJT2_XFERINST_BUF   0x004832    program     static                          
   caseJT2_XFRFASTDAT_BUF   0x0048d4    program     static                          
   caseJT2_XFRFASTDAT_LIT   0x004838    program     static                          
    caseLOGIC_ANALYZER_GO   0x0025c4    program     static                          
                 caseLOOP   0x003d10    program     static                          
           caseLOOPBUFFER   0x003fe8    program     static                          
         caseMCLR_GND_OFF   0x003b88    program     static                          
          caseMCLR_GND_ON   0x003b84    program     static                          
        caseMEASURE_PULSE   0x0045c2    program     static                          
                caseNOP24   0x004112    program     static                          
             casePEEK_SFR   0x003f56    program     static                          
             casePOKE_SFR   0x003ef0    program     static                          
         casePOP_DOWNLOAD   0x0040c8    program     static                          
      caseRD2_BITS_BUFFER   0x004256    program     static                          
      caseRD2_BYTE_BUFFER   0x004242    program     static                          
       caseRD_INTERNAL_EE   0x002574    program     static                          
            caseREAD_BITS   0x003cca    program     static                          
     caseREAD_BITS_BUFFER   0x003c9c    program     static                          
            caseREAD_BYTE   0x003c12    program     static                          
     caseREAD_BYTE_BUFFER   0x003bfe    program     static                          
          caseREAD_STATUS   0x002410    program     static                          
        caseREAD_VOLTAGES   0x002418    program     static                          
                caseRESET   0x0024e8    program     static                          
           caseRUN_SCRIPT   0x002434    program     static                          
  caseSCRIPT_BUFFER_CHKSM   0x0024ee    program     static                          
               caseSETVDD   0x00236a    program     static                          
               caseSETVPP   0x0023b6    program     static                          
              caseSET_AUX   0x00445c    program     static                          
        caseSET_ICSP_PINS   0x003b94    program     static                          
       caseSET_ICSP_SPEED   0x003cf0    program     static                          
     caseSET_VOLTAGE_CALS   0x0024f6    program     static                          
    caseSPI_RDWR_BYTE_BUF   0x00456e    program     static                          
    caseSPI_RDWR_BYTE_LIT   0x004540    program     static                          
      caseSPI_RD_BYTE_BUF   0x00452e    program     static                          
      caseSPI_WR_BYTE_BUF   0x004520    program     static                          
      caseSPI_WR_BYTE_LIT   0x0044fa    program     static                          
              caseUNIO_TX   0x00460e    program     static                          
           caseUNIO_TX_RX   0x004662    program     static                          
          caseUPLOAD_DATA   0x0024ca    program     static                          
    caseUPLOAD_DATA_NOLEN   0x0024da    program     static                          
          caseVDD_GND_OFF   0x003b6c    program     static                          
           caseVDD_GND_ON   0x003b68    program     static                          
              caseVDD_OFF   0x003b64    program     static                          
               caseVDD_ON   0x003b60    program     static                          
               caseVISI24   0x0040ce    program     static                          
              caseVPP_OFF   0x003b74    program     static                          
               caseVPP_ON   0x003b70    program     static                          
          caseVPP_PWM_OFF   0x003b7e    program     static                          
           caseVPP_PWM_ON   0x003b78    program     static                          
    caseWRITE_BITS_BUFFER   0x003c6e    program     static                          
   caseWRITE_BITS_BUF_HLD   0x00442e    program     static                          
   caseWRITE_BITS_LITERAL   0x003c1e    program     static                          
   caseWRITE_BITS_LIT_HLD   0x0043de    program     static                          
      caseWRITE_BUFBYTE_W   0x0042e2    program     static                          
      caseWRITE_BUFWORD_W   0x00434c    program     static                          
    caseWRITE_BYTE_BUFFER   0x003bea    program     static                          
   caseWRITE_BYTE_LITERAL   0x003bbe    program     static                          
       caseWR_INTERNAL_EE   0x002562    program     static                          
                    cfg01   0x0079ee    program     extern C:\PICkit_2\FirmwareV2\autofiles\usbdsc.c
                    cfg02   0x007a17    program     extern C:\PICkit_2\FirmwareV2\autofiles\usbdsc.c
               clear_loop   0x0072ec    program     static C:\MCC18\SRC\TRADIT~1\PROC\p18f2550.asm
                copy_loop   0x007c14    program     static                          
            copy_one_byte   0x007c1a    program     static                          
               device_dsc   0x0079dc    program     extern C:\PICkit_2\FirmwareV2\autofiles\usbdsc.c
                     done   0x007c3e    program     static                          
             done_copying   0x007c28    program     static                          
                hid_rpt01   0x007ab7    program     extern C:\PICkit_2\FirmwareV2\autofiles\usbdsc.c
                     loop   0x007d16    program     static                          
                     main   0x007cde    program     extern C:\PICkit_2\FirmwareV2\main.c
                    sd000   0x007a37    program     extern C:\PICkit_2\FirmwareV2\autofiles\usbdsc.c
                    sd001   0x007a3b    program     extern C:\PICkit_2\FirmwareV2\autofiles\usbdsc.c
                    sd002   0x007a6f    program     extern C:\PICkit_2\FirmwareV2\autofiles\usbdsc.c
                     test   0x007bbc    program     static                          
                   ADCON0   0x000fc2       data     extern C:\MCC18\SRC\TRADIT~1\PROC\p18f2550.asm
               ADCON0bits   0x000fc2       data     extern C:\MCC18\SRC\TRADIT~1\PROC\p18f2550.asm
                   ADCON1   0x000fc1       data     extern C:\MCC18\SRC\TRADIT~1\PROC\p18f2550.asm
               ADCON1bits   0x000fc1       data     extern C:\MCC18\SRC\TRADIT~1\PROC\p18f2550.asm
                   ADCON2   0x000fc0       data     extern C:\MCC18\SRC\TRADIT~1\PROC\p18f2550.asm
               ADCON2bits   0x000fc0       data     extern C:\MCC18\SRC\TRADIT~1\PROC\p18f2550.asm
                    ADRES   0x000fc3       data     extern C:\MCC18\SRC\TRADIT~1\PROC\p18f2550.asm
                   ADRESH   0x000fc4       data     extern C:\MCC18\SRC\TRADIT~1\PROC\p18f2550.asm
                   ADRESL   0x000fc3       data     extern C:\MCC18\SRC\TRADIT~1\PROC\p18f2550.asm
                  BAUDCON   0x000fb8       data     extern C:\MCC18\SRC\TRADIT~1\PROC\p18f2550.asm
              BAUDCONbits   0x000fb8       data     extern C:\MCC18\SRC\TRADIT~1\PROC\p18f2550.asm
                      BSR   0x000fe0       data     extern C:\MCC18\SRC\TRADIT~1\PROC\p18f2550.asm
                   CCP1AS   0x000fb6       data     extern C:\MCC18\SRC\TRADIT~1\PROC\p18f2550.asm
               CCP1ASbits   0x000fb6       data     extern C:\MCC18\SRC\TRADIT~1\PROC\p18f2550.asm
                  CCP1CON   0x000fbd       data     extern C:\MCC18\SRC\TRADIT~1\PROC\p18f2550.asm
              CCP1CONbits   0x000fbd       data     extern C:\MCC18\SRC\TRADIT~1\PROC\p18f2550.asm
                  CCP1DEL   0x000fb7       data     extern C:\MCC18\SRC\TRADIT~1\PROC\p18f2550.asm
              CCP1DELbits   0x000fb7       data     extern C:\MCC18\SRC\TRADIT~1\PROC\p18f2550.asm
                  CCP2CON   0x000fba       data     extern C:\MCC18\SRC\TRADIT~1\PROC\p18f2550.asm
              CCP2CONbits   0x000fba       data     extern C:\MCC18\SRC\TRADIT~1\PROC\p18f2550.asm
                    CCPR1   0x000fbe       data     extern C:\MCC18\SRC\TRADIT~1\PROC\p18f2550.asm
                   CCPR1H   0x000fbf       data     extern C:\MCC18\SRC\TRADIT~1\PROC\p18f2550.asm
                   CCPR1L   0x000fbe       data     extern C:\MCC18\SRC\TRADIT~1\PROC\p18f2550.asm
                    CCPR2   0x000fbb       data     extern C:\MCC18\SRC\TRADIT~1\PROC\p18f2550.asm
                   CCPR2H   0x000fbc       data     extern C:\MCC18\SRC\TRADIT~1\PROC\p18f2550.asm
                   CCPR2L   0x000fbb       data     extern C:\MCC18\SRC\TRADIT~1\PROC\p18f2550.asm
                    CMCON   0x000fb4       data     extern C:\MCC18\SRC\TRADIT~1\PROC\p18f2550.asm
                CMCONbits   0x000fb4       data     extern C:\MCC18\SRC\TRADIT~1\PROC\p18f2550.asm
                   CVRCON   0x000fb5       data     extern C:\MCC18\SRC\TRADIT~1\PROC\p18f2550.asm
               CVRCONbits   0x000fb5       data     extern C:\MCC18\SRC\TRADIT~1\PROC\p18f2550.asm
              CtrlTrfData   0x000418       data     extern C:\PICkit_2\FirmwareV2\system\usb\usbmmap.c
                     DDRA   0x000f92       data     extern C:\MCC18\SRC\TRADIT~1\PROC\p18f2550.asm
                 DDRAbits   0x000f92       data     extern C:\MCC18\SRC\TRADIT~1\PROC\p18f2550.asm
                     DDRB   0x000f93       data     extern C:\MCC18\SRC\TRADIT~1\PROC\p18f2550.asm
                 DDRBbits   0x000f93       data     extern C:\MCC18\SRC\TRADIT~1\PROC\p18f2550.asm
                     DDRC   0x000f94       data     extern C:\MCC18\SRC\TRADIT~1\PROC\p18f2550.asm
                 DDRCbits   0x000f94       data     extern C:\MCC18\SRC\TRADIT~1\PROC\p18f2550.asm
            DelayCounter1   0x00004c       data     extern C:\MCC18\SRC\TRADIT~1\DELAYS\delayd1.asm
            DelayCounter2   0x00004b       data     extern C:\MCC18\SRC\TRADIT~1\DELAYS\delayd2.asm
                  ECCP1AS   0x000fb6       data     extern C:\MCC18\SRC\TRADIT~1\PROC\p18f2550.asm
              ECCP1ASbits   0x000fb6       data     extern C:\MCC18\SRC\TRADIT~1\PROC\p18f2550.asm
                 ECCP1DEL   0x000fb7       data     extern C:\MCC18\SRC\TRADIT~1\PROC\p18f2550.asm
             ECCP1DELbits   0x000fb7       data     extern C:\MCC18\SRC\TRADIT~1\PROC\p18f2550.asm
                    EEADR   0x000fa9       data     extern C:\MCC18\SRC\TRADIT~1\PROC\p18f2550.asm
                   EECON1   0x000fa6       data     extern C:\MCC18\SRC\TRADIT~1\PROC\p18f2550.asm
               EECON1bits   0x000fa6       data     extern C:\MCC18\SRC\TRADIT~1\PROC\p18f2550.asm
                   EECON2   0x000fa7       data     extern C:\MCC18\SRC\TRADIT~1\PROC\p18f2550.asm
                   EEDATA   0x000fa8       data     extern C:\MCC18\SRC\TRADIT~1\PROC\p18f2550.asm
                     FSR0   0x000fe9       data     extern C:\MCC18\SRC\TRADIT~1\PROC\p18f2550.asm
                    FSR0H   0x000fea       data     extern C:\MCC18\SRC\TRADIT~1\PROC\p18f2550.asm
                    FSR0L   0x000fe9       data     extern C:\MCC18\SRC\TRADIT~1\PROC\p18f2550.asm
                     FSR1   0x000fe1       data     extern C:\MCC18\SRC\TRADIT~1\PROC\p18f2550.asm
                    FSR1H   0x000fe2       data     extern C:\MCC18\SRC\TRADIT~1\PROC\p18f2550.asm
                    FSR1L   0x000fe1       data     extern C:\MCC18\SRC\TRADIT~1\PROC\p18f2550.asm
                     FSR2   0x000fd9       data     extern C:\MCC18\SRC\TRADIT~1\PROC\p18f2550.asm
                    FSR2H   0x000fda       data     extern C:\MCC18\SRC\TRADIT~1\PROC\p18f2550.asm
                    FSR2L   0x000fd9       data     extern C:\MCC18\SRC\TRADIT~1\PROC\p18f2550.asm
                  HLVDCON   0x000fd2       data     extern C:\MCC18\SRC\TRADIT~1\PROC\p18f2550.asm
              HLVDCONbits   0x000fd2       data     extern C:\MCC18\SRC\TRADIT~1\PROC\p18f2550.asm
                    INDF0   0x000fef       data     extern C:\MCC18\SRC\TRADIT~1\PROC\p18f2550.asm
                    INDF1   0x000fe7       data     extern C:\MCC18\SRC\TRADIT~1\PROC\p18f2550.asm
                    INDF2   0x000fdf       data     extern C:\MCC18\SRC\TRADIT~1\PROC\p18f2550.asm
                   INTCON   0x000ff2       data     extern C:\MCC18\SRC\TRADIT~1\PROC\p18f2550.asm
                  INTCON2   0x000ff1       data     extern C:\MCC18\SRC\TRADIT~1\PROC\p18f2550.asm
              INTCON2bits   0x000ff1       data     extern C:\MCC18\SRC\TRADIT~1\PROC\p18f2550.asm
                  INTCON3   0x000ff0       data     extern C:\MCC18\SRC\TRADIT~1\PROC\p18f2550.asm
              INTCON3bits   0x000ff0       data     extern C:\MCC18\SRC\TRADIT~1\PROC\p18f2550.asm
               INTCONbits   0x000ff2       data     extern C:\MCC18\SRC\TRADIT~1\PROC\p18f2550.asm
                     IPR1   0x000f9f       data     extern C:\MCC18\SRC\TRADIT~1\PROC\p18f2550.asm
                 IPR1bits   0x000f9f       data     extern C:\MCC18\SRC\TRADIT~1\PROC\p18f2550.asm
                     IPR2   0x000fa2       data     extern C:\MCC18\SRC\TRADIT~1\PROC\p18f2550.asm
                 IPR2bits   0x000fa2       data     extern C:\MCC18\SRC\TRADIT~1\PROC\p18f2550.asm
                     LATA   0x000f89       data     extern C:\MCC18\SRC\TRADIT~1\PROC\p18f2550.asm
                 LATAbits   0x000f89       data     extern C:\MCC18\SRC\TRADIT~1\PROC\p18f2550.asm
                     LATB   0x000f8a       data     extern C:\MCC18\SRC\TRADIT~1\PROC\p18f2550.asm
                 LATBbits   0x000f8a       data     extern C:\MCC18\SRC\TRADIT~1\PROC\p18f2550.asm
                     LATC   0x000f8b       data     extern C:\MCC18\SRC\TRADIT~1\PROC\p18f2550.asm
[...]
                 UEP2bits   0x000f72       data     extern C:\MCC18\SRC\TRADIT~1\PROC\p18f2550.asm
                 UEP3bits   0x000f73       data     extern C:\MCC18\SRC\TRADIT~1\PROC\p18f2550.asm
                     UEP3   0x000f73       data     extern C:\MCC18\SRC\TRADIT~1\PROC\p18f2550.asm
                 UEP4bits   0x000f74       data     extern C:\MCC18\SRC\TRADIT~1\PROC\p18f2550.asm
                     UEP4   0x000f74       data     extern C:\MCC18\SRC\TRADIT~1\PROC\p18f2550.asm
                 UEP5bits   0x000f75       data     extern C:\MCC18\SRC\TRADIT~1\PROC\p18f2550.asm
                     UEP5   0x000f75       data     extern C:\MCC18\SRC\TRADIT~1\PROC\p18f2550.asm
                 UEP6bits   0x000f76       data     extern C:\MCC18\SRC\TRADIT~1\PROC\p18f2550.asm
                     UEP6   0x000f76       data     extern C:\MCC18\SRC\TRADIT~1\PROC\p18f2550.asm
                 UEP7bits   0x000f77       data     extern C:\MCC18\SRC\TRADIT~1\PROC\p18f2550.asm
                     UEP7   0x000f77       data     extern C:\MCC18\SRC\TRADIT~1\PROC\p18f2550.asm
                     UEP8   0x000f78       data     extern C:\MCC18\SRC\TRADIT~1\PROC\p18f2550.asm
                 UEP8bits   0x000f78       data     extern C:\MCC18\SRC\TRADIT~1\PROC\p18f2550.asm
                     UEP9   0x000f79       data     extern C:\MCC18\SRC\TRADIT~1\PROC\p18f2550.asm
                 UEP9bits   0x000f79       data     extern C:\MCC18\SRC\TRADIT~1\PROC\p18f2550.asm
                UEP10bits   0x000f7a       data     extern C:\MCC18\SRC\TRADIT~1\PROC\p18f2550.asm
                    UEP10   0x000f7a       data     extern C:\MCC18\SRC\TRADIT~1\PROC\p18f2550.asm
                UEP11bits   0x000f7b       data     extern C:\MCC18\SRC\TRADIT~1\PROC\p18f2550.asm
                    UEP11   0x000f7b       data     extern C:\MCC18\SRC\TRADIT~1\PROC\p18f2550.asm
                UEP12bits   0x000f7c       data     extern C:\MCC18\SRC\TRADIT~1\PROC\p18f2550.asm
                    UEP12   0x000f7c       data     extern C:\MCC18\SRC\TRADIT~1\PROC\p18f2550.asm
                UEP13bits   0x000f7d       data     extern C:\MCC18\SRC\TRADIT~1\PROC\p18f2550.asm
                    UEP13   0x000f7d       data     extern C:\MCC18\SRC\TRADIT~1\PROC\p18f2550.asm
                    UEP14   0x000f7e       data     extern C:\MCC18\SRC\TRADIT~1\PROC\p18f2550.asm
                UEP14bits   0x000f7e       data     extern C:\MCC18\SRC\TRADIT~1\PROC\p18f2550.asm
                UEP15bits   0x000f7f       data     extern C:\MCC18\SRC\TRADIT~1\PROC\p18f2550.asm
                    UEP15   0x000f7f       data     extern C:\MCC18\SRC\TRADIT~1\PROC\p18f2550.asm
                    PORTA   0x000f80       data     extern C:\MCC18\SRC\TRADIT~1\PROC\p18f2550.asm
                PORTAbits   0x000f80       data     extern C:\MCC18\SRC\TRADIT~1\PROC\p18f2550.asm
                    PORTB   0x000f81       data     extern C:\MCC18\SRC\TRADIT~1\PROC\p18f2550.asm
                PORTBbits   0x000f81       data     extern C:\MCC18\SRC\TRADIT~1\PROC\p18f2550.asm
                PORTCbits   0x000f82       data     extern C:\MCC18\SRC\TRADIT~1\PROC\p18f2550.asm
                    PORTC   0x000f82       data     extern C:\MCC18\SRC\TRADIT~1\PROC\p18f2550.asm
                PORTEbits   0x000f84       data     extern C:\MCC18\SRC\TRADIT~1\PROC\p18f2550.asm
                    PORTE   0x000f84       data     extern C:\MCC18\SRC\TRADIT~1\PROC\p18f2550.asm
                     LATA   0x000f89       data     extern C:\MCC18\SRC\TRADIT~1\PROC\p18f2550.asm
                 LATAbits   0x000f89       data     extern C:\MCC18\SRC\TRADIT~1\PROC\p18f2550.asm
                     LATB   0x000f8a       data     extern C:\MCC18\SRC\TRADIT~1\PROC\p18f2550.asm
                 LATBbits   0x000f8a       data     extern C:\MCC18\SRC\TRADIT~1\PROC\p18f2550.asm
                     LATC   0x000f8b       data     extern C:\MCC18\SRC\TRADIT~1\PROC\p18f2550.asm
                 LATCbits   0x000f8b       data     extern C:\MCC18\SRC\TRADIT~1\PROC\p18f2550.asm
                    TRISA   0x000f92       data     extern C:\MCC18\SRC\TRADIT~1\PROC\p18f2550.asm
                TRISAbits   0x000f92       data     extern C:\MCC18\SRC\TRADIT~1\PROC\p18f2550.asm
                     DDRA   0x000f92       data     extern C:\MCC18\SRC\TRADIT~1\PROC\p18f2550.asm
                 DDRAbits   0x000f92       data     extern C:\MCC18\SRC\TRADIT~1\PROC\p18f2550.asm
                     DDRB   0x000f93       data     extern C:\MCC18\SRC\TRADIT~1\PROC\p18f2550.asm
                 DDRBbits   0x000f93       data     extern C:\MCC18\SRC\TRADIT~1\PROC\p18f2550.asm
                    TRISB   0x000f93       data     extern C:\MCC18\SRC\TRADIT~1\PROC\p18f2550.asm
                TRISBbits   0x000f93       data     extern C:\MCC18\SRC\TRADIT~1\PROC\p18f2550.asm
                    TRISC   0x000f94       data     extern C:\MCC18\SRC\TRADIT~1\PROC\p18f2550.asm
                TRISCbits   0x000f94       data     extern C:\MCC18\SRC\TRADIT~1\PROC\p18f2550.asm
                     DDRC   0x000f94       data     extern C:\MCC18\SRC\TRADIT~1\PROC\p18f2550.asm
                 DDRCbits   0x000f94       data     extern C:\MCC18\SRC\TRADIT~1\PROC\p18f2550.asm
              OSCTUNEbits   0x000f9b       data     extern C:\MCC18\SRC\TRADIT~1\PROC\p18f2550.asm
                  OSCTUNE   0x000f9b       data     extern C:\MCC18\SRC\TRADIT~1\PROC\p18f2550.asm
                 PIE1bits   0x000f9d       data     extern C:\MCC18\SRC\TRADIT~1\PROC\p18f2550.asm
                     PIE1   0x000f9d       data     extern C:\MCC18\SRC\TRADIT~1\PROC\p18f2550.asm
                     PIR1   0x000f9e       data     extern C:\MCC18\SRC\TRADIT~1\PROC\p18f2550.asm
                 PIR1bits   0x000f9e       data     extern C:\MCC18\SRC\TRADIT~1\PROC\p18f2550.asm
                     IPR1   0x000f9f       data     extern C:\MCC18\SRC\TRADIT~1\PROC\p18f2550.asm
                 IPR1bits   0x000f9f       data     extern C:\MCC18\SRC\TRADIT~1\PROC\p18f2550.asm
                 PIE2bits   0x000fa0       data     extern C:\MCC18\SRC\TRADIT~1\PROC\p18f2550.asm
                     PIE2   0x000fa0       data     extern C:\MCC18\SRC\TRADIT~1\PROC\p18f2550.asm
                     PIR2   0x000fa1       data     extern C:\MCC18\SRC\TRADIT~1\PROC\p18f2550.asm
                 PIR2bits   0x000fa1       data     extern C:\MCC18\SRC\TRADIT~1\PROC\p18f2550.asm
                 IPR2bits   0x000fa2       data     extern C:\MCC18\SRC\TRADIT~1\PROC\p18f2550.asm
                     IPR2   0x000fa2       data     extern C:\MCC18\SRC\TRADIT~1\PROC\p18f2550.asm
                   EECON1   0x000fa6       data     extern C:\MCC18\SRC\TRADIT~1\PROC\p18f2550.asm
               EECON1bits   0x000fa6       data     extern C:\MCC18\SRC\TRADIT~1\PROC\p18f2550.asm
                   EECON2   0x000fa7       data     extern C:\MCC18\SRC\TRADIT~1\PROC\p18f2550.asm
                   EEDATA   0x000fa8       data     extern C:\MCC18\SRC\TRADIT~1\PROC\p18f2550.asm
                    EEADR   0x000fa9       data     extern C:\MCC18\SRC\TRADIT~1\PROC\p18f2550.asm
                    RCSTA   0x000fab       data     extern C:\MCC18\SRC\TRADIT~1\PROC\p18f2550.asm
                RCSTAbits   0x000fab       data     extern C:\MCC18\SRC\TRADIT~1\PROC\p18f2550.asm
                TXSTAbits   0x000fac       data     extern C:\MCC18\SRC\TRADIT~1\PROC\p18f2550.asm
                    TXSTA   0x000fac       data     extern C:\MCC18\SRC\TRADIT~1\PROC\p18f2550.asm
                    TXREG   0x000fad       data     extern C:\MCC18\SRC\TRADIT~1\PROC\p18f2550.asm
                    RCREG   0x000fae       data     extern C:\MCC18\SRC\TRADIT~1\PROC\p18f2550.asm
                    SPBRG   0x000faf       data     extern C:\MCC18\SRC\TRADIT~1\PROC\p18f2550.asm
                   SPBRGH   0x000fb0       data     extern C:\MCC18\SRC\TRADIT~1\PROC\p18f2550.asm
                T3CONbits   0x000fb1       data     extern C:\MCC18\SRC\TRADIT~1\PROC\p18f2550.asm
                    T3CON   0x000fb1       data     extern C:\MCC18\SRC\TRADIT~1\PROC\p18f2550.asm
                    TMR3L   0x000fb2       data     extern C:\MCC18\SRC\TRADIT~1\PROC\p18f2550.asm
                    TMR3H   0x000fb3       data     extern C:\MCC18\SRC\TRADIT~1\PROC\p18f2550.asm
                    CMCON   0x000fb4       data     extern C:\MCC18\SRC\TRADIT~1\PROC\p18f2550.asm
                CMCONbits   0x000fb4       data     extern C:\MCC18\SRC\TRADIT~1\PROC\p18f2550.asm
                   CVRCON   0x000fb5       data     extern C:\MCC18\SRC\TRADIT~1\PROC\p18f2550.asm
               CVRCONbits   0x000fb5       data     extern C:\MCC18\SRC\TRADIT~1\PROC\p18f2550.asm
                   CCP1AS   0x000fb6       data     extern C:\MCC18\SRC\TRADIT~1\PROC\p18f2550.asm
               CCP1ASbits   0x000fb6       data     extern C:\MCC18\SRC\TRADIT~1\PROC\p18f2550.asm
              ECCP1ASbits   0x000fb6       data     extern C:\MCC18\SRC\TRADIT~1\PROC\p18f2550.asm
                  ECCP1AS   0x000fb6       data     extern C:\MCC18\SRC\TRADIT~1\PROC\p18f2550.asm
              CCP1DELbits   0x000fb7       data     extern C:\MCC18\SRC\TRADIT~1\PROC\p18f2550.asm
                  CCP1DEL   0x000fb7       data     extern C:\MCC18\SRC\TRADIT~1\PROC\p18f2550.asm
                 ECCP1DEL   0x000fb7       data     extern C:\MCC18\SRC\TRADIT~1\PROC\p18f2550.asm
             ECCP1DELbits   0x000fb7       data     extern C:\MCC18\SRC\TRADIT~1\PROC\p18f2550.asm
                  BAUDCON   0x000fb8       data     extern C:\MCC18\SRC\TRADIT~1\PROC\p18f2550.asm
              BAUDCONbits   0x000fb8       data     extern C:\MCC18\SRC\TRADIT~1\PROC\p18f2550.asm
                  CCP2CON   0x000fba       data     extern C:\MCC18\SRC\TRADIT~1\PROC\p18f2550.asm
              CCP2CONbits   0x000fba       data     extern C:\MCC18\SRC\TRADIT~1\PROC\p18f2550.asm
                    CCPR2   0x000fbb       data     extern C:\MCC18\SRC\TRADIT~1\PROC\p18f2550.asm
                   CCPR2L   0x000fbb       data     extern C:\MCC18\SRC\TRADIT~1\PROC\p18f2550.asm
                   CCPR2H   0x000fbc       data     extern C:\MCC18\SRC\TRADIT~1\PROC\p18f2550.asm
                  CCP1CON   0x000fbd       data     extern C:\MCC18\SRC\TRADIT~1\PROC\p18f2550.asm
              CCP1CONbits   0x000fbd       data     extern C:\MCC18\SRC\TRADIT~1\PROC\p18f2550.asm
                   CCPR1L   0x000fbe       data     extern C:\MCC18\SRC\TRADIT~1\PROC\p18f2550.asm
                    CCPR1   0x000fbe       data     extern C:\MCC18\SRC\TRADIT~1\PROC\p18f2550.asm
                   CCPR1H   0x000fbf       data     extern C:\MCC18\SRC\TRADIT~1\PROC\p18f2550.asm
               ADCON2bits   0x000fc0       data     extern C:\MCC18\SRC\TRADIT~1\PROC\p18f2550.asm
                   ADCON2   0x000fc0       data     extern C:\MCC18\SRC\TRADIT~1\PROC\p18f2550.asm
               ADCON1bits   0x000fc1       data     extern C:\MCC18\SRC\TRADIT~1\PROC\p18f2550.asm
                   ADCON1   0x000fc1       data     extern C:\MCC18\SRC\TRADIT~1\PROC\p18f2550.asm
                   ADCON0   0x000fc2       data     extern C:\MCC18\SRC\TRADIT~1\PROC\p18f2550.asm
               ADCON0bits   0x000fc2       data     extern C:\MCC18\SRC\TRADIT~1\PROC\p18f2550.asm
                    ADRES   0x000fc3       data     extern C:\MCC18\SRC\TRADIT~1\PROC\p18f2550.asm
                   ADRESL   0x000fc3       data     extern C:\MCC18\SRC\TRADIT~1\PROC\p18f2550.asm
                   ADRESH   0x000fc4       data     extern C:\MCC18\SRC\TRADIT~1\PROC\p18f2550.asm
                  SSPCON2   0x000fc5       data     extern C:\MCC18\SRC\TRADIT~1\PROC\p18f2550.asm
              SSPCON2bits   0x000fc5       data     extern C:\MCC18\SRC\TRADIT~1\PROC\p18f2550.asm
                  SSPCON1   0x000fc6       data     extern C:\MCC18\SRC\TRADIT~1\PROC\p18f2550.asm
              SSPCON1bits   0x000fc6       data     extern C:\MCC18\SRC\TRADIT~1\PROC\p18f2550.asm
                  SSPSTAT   0x000fc7       data     extern C:\MCC18\SRC\TRADIT~1\PROC\p18f2550.asm
              SSPSTATbits   0x000fc7       data     extern C:\MCC18\SRC\TRADIT~1\PROC\p18f2550.asm
                   SSPADD   0x000fc8       data     extern C:\MCC18\SRC\TRADIT~1\PROC\p18f2550.asm
                   SSPBUF   0x000fc9       data     extern C:\MCC18\SRC\TRADIT~1\PROC\p18f2550.asm
                    T2CON   0x000fca       data     extern C:\MCC18\SRC\TRADIT~1\PROC\p18f2550.asm
                T2CONbits   0x000fca       data     extern C:\MCC18\SRC\TRADIT~1\PROC\p18f2550.asm
                      PR2   0x000fcb       data     extern C:\MCC18\SRC\TRADIT~1\PROC\p18f2550.asm
                     TMR2   0x000fcc       data     extern C:\MCC18\SRC\TRADIT~1\PROC\p18f2550.asm
                T1CONbits   0x000fcd       data     extern C:\MCC18\SRC\TRADIT~1\PROC\p18f2550.asm
                    T1CON   0x000fcd       data     extern C:\MCC18\SRC\TRADIT~1\PROC\p18f2550.asm
                    TMR1L   0x000fce       data     extern C:\MCC18\SRC\TRADIT~1\PROC\p18f2550.asm
                    TMR1H   0x000fcf       data     extern C:\MCC18\SRC\TRADIT~1\PROC\p18f2550.asm
                     RCON   0x000fd0       data     extern C:\MCC18\SRC\TRADIT~1\PROC\p18f2550.asm
                 RCONbits   0x000fd0       data     extern C:\MCC18\SRC\TRADIT~1\PROC\p18f2550.asm
                   WDTCON   0x000fd1       data     extern C:\MCC18\SRC\TRADIT~1\PROC\p18f2550.asm
               WDTCONbits   0x000fd1       data     extern C:\MCC18\SRC\TRADIT~1\PROC\p18f2550.asm
                  HLVDCON   0x000fd2       data     extern C:\MCC18\SRC\TRADIT~1\PROC\p18f2550.asm
              HLVDCONbits   0x000fd2       data     extern C:\MCC18\SRC\TRADIT~1\PROC\p18f2550.asm
                   LVDCON   0x000fd2       data     extern C:\MCC18\SRC\TRADIT~1\PROC\p18f2550.asm
               LVDCONbits   0x000fd2       data     extern C:\MCC18\SRC\TRADIT~1\PROC\p18f2550.asm
                   OSCCON   0x000fd3       data     extern C:\MCC18\SRC\TRADIT~1\PROC\p18f2550.asm
               OSCCONbits   0x000fd3       data     extern C:\MCC18\SRC\TRADIT~1\PROC\p18f2550.asm
                T0CONbits   0x000fd5       data     extern C:\MCC18\SRC\TRADIT~1\PROC\p18f2550.asm
                    T0CON   0x000fd5       data     extern C:\MCC18\SRC\TRADIT~1\PROC\p18f2550.asm
                    TMR0L   0x000fd6       data     extern C:\MCC18\SRC\TRADIT~1\PROC\p18f2550.asm
                    TMR0H   0x000fd7       data     extern C:\MCC18\SRC\TRADIT~1\PROC\p18f2550.asm
                   STATUS   0x000fd8       data     extern C:\MCC18\SRC\TRADIT~1\PROC\p18f2550.asm
               STATUSbits   0x000fd8       data     extern C:\MCC18\SRC\TRADIT~1\PROC\p18f2550.asm
                    FSR2L   0x000fd9       data     extern C:\MCC18\SRC\TRADIT~1\PROC\p18f2550.asm
                     FSR2   0x000fd9       data     extern C:\MCC18\SRC\TRADIT~1\PROC\p18f2550.asm
                    FSR2H   0x000fda       data     extern C:\MCC18\SRC\TRADIT~1\PROC\p18f2550.asm
                   PLUSW2   0x000fdb       data     extern C:\MCC18\SRC\TRADIT~1\PROC\p18f2550.asm
                  PREINC2   0x000fdc       data     extern C:\MCC18\SRC\TRADIT~1\PROC\p18f2550.asm
                 POSTDEC2   0x000fdd       data     extern C:\MCC18\SRC\TRADIT~1\PROC\p18f2550.asm
                 POSTINC2   0x000fde       data     extern C:\MCC18\SRC\TRADIT~1\PROC\p18f2550.asm
                    INDF2   0x000fdf       data     extern C:\MCC18\SRC\TRADIT~1\PROC\p18f2550.asm
                      BSR   0x000fe0       data     extern C:\MCC18\SRC\TRADIT~1\PROC\p18f2550.asm
                     FSR1   0x000fe1       data     extern C:\MCC18\SRC\TRADIT~1\PROC\p18f2550.asm
                    FSR1L   0x000fe1       data     extern C:\MCC18\SRC\TRADIT~1\PROC\p18f2550.asm
                    FSR1H   0x000fe2       data     extern C:\MCC18\SRC\TRADIT~1\PROC\p18f2550.asm
                   PLUSW1   0x000fe3       data     extern C:\MCC18\SRC\TRADIT~1\PROC\p18f2550.asm
                  PREINC1   0x000fe4       data     extern C:\MCC18\SRC\TRADIT~1\PROC\p18f2550.asm
                 POSTDEC1   0x000fe5       data     extern C:\MCC18\SRC\TRADIT~1\PROC\p18f2550.asm
                 POSTINC1   0x000fe6       data     extern C:\MCC18\SRC\TRADIT~1\PROC\p18f2550.asm
                    INDF1   0x000fe7       data     extern C:\MCC18\SRC\TRADIT~1\PROC\p18f2550.asm
                     WREG   0x000fe8       data     extern C:\MCC18\SRC\TRADIT~1\PROC\p18f2550.asm
                    FSR0L   0x000fe9       data     extern C:\MCC18\SRC\TRADIT~1\PROC\p18f2550.asm
                     FSR0   0x000fe9       data     extern C:\MCC18\SRC\TRADIT~1\PROC\p18f2550.asm
                    FSR0H   0x000fea       data     extern C:\MCC18\SRC\TRADIT~1\PROC\p18f2550.asm
                   PLUSW0   0x000feb       data     extern C:\MCC18\SRC\TRADIT~1\PROC\p18f2550.asm
                  PREINC0   0x000fec       data     extern C:\MCC18\SRC\TRADIT~1\PROC\p18f2550.asm
                 POSTDEC0   0x000fed       data     extern C:\MCC18\SRC\TRADIT~1\PROC\p18f2550.asm
                 POSTINC0   0x000fee       data     extern C:\MCC18\SRC\TRADIT~1\PROC\p18f2550.asm
                    INDF0   0x000fef       data     extern C:\MCC18\SRC\TRADIT~1\PROC\p18f2550.asm
              INTCON3bits   0x000ff0       data     extern C:\MCC18\SRC\TRADIT~1\PROC\p18f2550.asm
                  INTCON3   0x000ff0       data     extern C:\MCC18\SRC\TRADIT~1\PROC\p18f2550.asm
              INTCON2bits   0x000ff1       data     extern C:\MCC18\SRC\TRADIT~1\PROC\p18f2550.asm
                  INTCON2   0x000ff1       data     extern C:\MCC18\SRC\TRADIT~1\PROC\p18f2550.asm
               INTCONbits   0x000ff2       data     extern C:\MCC18\SRC\TRADIT~1\PROC\p18f2550.asm
                   INTCON   0x000ff2       data     extern C:\MCC18\SRC\TRADIT~1\PROC\p18f2550.asm
                    PRODL   0x000ff3       data     extern C:\MCC18\SRC\TRADIT~1\PROC\p18f2550.asm
                     PROD   0x000ff3       data     extern C:\MCC18\SRC\TRADIT~1\PROC\p18f2550.asm
                    PRODH   0x000ff4       data     extern C:\MCC18\SRC\TRADIT~1\PROC\p18f2550.asm
                   TABLAT   0x000ff5       data     extern C:\MCC18\SRC\TRADIT~1\PROC\p18f2550.asm
                  TBLPTRL   0x000ff6       data     extern C:\MCC18\SRC\TRADIT~1\PROC\p18f2550.asm
                   TBLPTR   0x000ff6       data     extern C:\MCC18\SRC\TRADIT~1\PROC\p18f2550.asm
                  TBLPTRH   0x000ff7       data     extern C:\MCC18\SRC\TRADIT~1\PROC\p18f2550.asm
                  TBLPTRU   0x000ff8       data     extern C:\MCC18\SRC\TRADIT~1\PROC\p18f2550.asm
                       PC   0x000ff9       data     extern C:\MCC18\SRC\TRADIT~1\PROC\p18f2550.asm
                      PCL   0x000ff9       data     extern C:\MCC18\SRC\TRADIT~1\PROC\p18f2550.asm
                   PCLATH   0x000ffa       data     extern C:\MCC18\SRC\TRADIT~1\PROC\p18f2550.asm
                   PCLATU   0x000ffb       data     extern C:\MCC18\SRC\TRADIT~1\PROC\p18f2550.asm
                   STKPTR   0x000ffc       data     extern C:\MCC18\SRC\TRADIT~1\PROC\p18f2550.asm
               STKPTRbits   0x000ffc       data     extern C:\MCC18\SRC\TRADIT~1\PROC\p18f2550.asm
                      TOS   0x000ffd       data     extern C:\MCC18\SRC\TRADIT~1\PROC\p18f2550.asm
                     TOSL   0x000ffd       data     extern C:\MCC18\SRC\TRADIT~1\PROC\p18f2550.asm
                     TOSH   0x000ffe       data     extern C:\MCC18\SRC\TRADIT~1\PROC\p18f2550.asm
                     TOSU   0x000fff       data     extern C:\MCC18\SRC\TRADIT~1\PROC\p18f2550.asm


